Determining if the Fortran sgemm exists failed with the following output:
Change Dir: /home/zhangxiangyu/project/all_in_one_git/build/CMakeFiles/CMakeTmp

Run Build Command(s):/usr/bin/make cmTC_ca361/fast && /usr/bin/make -f CMakeFiles/cmTC_ca361.dir/build.make CMakeFiles/cmTC_ca361.dir/build
make[1]: Entering directory '/home/zhangxiangyu/project/all_in_one_git/build/CMakeFiles/CMakeTmp'
Building Fortran object CMakeFiles/cmTC_ca361.dir/testFortranCompiler.f.o
/usr/bin/f95   -O3  -g -march=native -ffree-line-length-none -fbacktrace -cpp -DMPI    -c /home/zhangxiangyu/project/all_in_one_git/build/CMakeFiles/CMakeTmp/testFortranCompiler.f -o CMakeFiles/cmTC_ca361.dir/testFortranCompiler.f.o
Linking Fortran executable cmTC_ca361
/usr/bin/cmake -E cmake_link_script CMakeFiles/cmTC_ca361.dir/link.txt --verbose=1
/usr/bin/f95    -O3  -g -march=native -ffree-line-length-none -fbacktrace -cpp -DMPI  CMakeFiles/cmTC_ca361.dir/testFortranCompiler.f.o  -o cmTC_ca361 
/usr/bin/ld: CMakeFiles/cmTC_ca361.dir/testFortranCompiler.f.o: in function `main':
/home/zhangxiangyu/project/all_in_one_git/build/CMakeFiles/CMakeTmp/testFortranCompiler.f:4: undefined reference to `sgemm_'
collect2: error: ld returned 1 exit status
make[1]: *** [CMakeFiles/cmTC_ca361.dir/build.make:87: cmTC_ca361] Error 1
make[1]: Leaving directory '/home/zhangxiangyu/project/all_in_one_git/build/CMakeFiles/CMakeTmp'
make: *** [Makefile:121: cmTC_ca361/fast] Error 2



Performing C SOURCE FILE Test CMAKE_HAVE_LIBC_PTHREAD failed with the following output:
Change Dir: /home/zhangxiangyu/project/all_in_one_git/build/CMakeFiles/CMakeTmp

Run Build Command(s):/usr/bin/make cmTC_13776/fast && /usr/bin/make -f CMakeFiles/cmTC_13776.dir/build.make CMakeFiles/cmTC_13776.dir/build
make[1]: Entering directory '/home/zhangxiangyu/project/all_in_one_git/build/CMakeFiles/CMakeTmp'
Building C object CMakeFiles/cmTC_13776.dir/src.c.o
/usr/bin/cc   -DCMAKE_HAVE_LIBC_PTHREAD   -o CMakeFiles/cmTC_13776.dir/src.c.o   -c /home/zhangxiangyu/project/all_in_one_git/build/CMakeFiles/CMakeTmp/src.c
Linking C executable cmTC_13776
/usr/bin/cmake -E cmake_link_script CMakeFiles/cmTC_13776.dir/link.txt --verbose=1
/usr/bin/cc  -DCMAKE_HAVE_LIBC_PTHREAD    CMakeFiles/cmTC_13776.dir/src.c.o  -o cmTC_13776 
/usr/bin/ld: CMakeFiles/cmTC_13776.dir/src.c.o: in function `main':
src.c:(.text+0x46): undefined reference to `pthread_create'
/usr/bin/ld: src.c:(.text+0x52): undefined reference to `pthread_detach'
/usr/bin/ld: src.c:(.text+0x63): undefined reference to `pthread_join'
collect2: error: ld returned 1 exit status
make[1]: *** [CMakeFiles/cmTC_13776.dir/build.make:87: cmTC_13776] Error 1
make[1]: Leaving directory '/home/zhangxiangyu/project/all_in_one_git/build/CMakeFiles/CMakeTmp'
make: *** [Makefile:121: cmTC_13776/fast] Error 2


Source file was:
#include <pthread.h>

void* test_func(void* data)
{
  return data;
}

int main(void)
{
  pthread_t thread;
  pthread_create(&thread, NULL, test_func, NULL);
  pthread_detach(thread);
  pthread_join(thread, NULL);
  pthread_atfork(NULL, NULL, NULL);
  pthread_exit(NULL);

  return 0;
}

Determining if the function pthread_create exists in the pthreads failed with the following output:
Change Dir: /home/zhangxiangyu/project/all_in_one_git/build/CMakeFiles/CMakeTmp

Run Build Command(s):/usr/bin/make cmTC_d5544/fast && /usr/bin/make -f CMakeFiles/cmTC_d5544.dir/build.make CMakeFiles/cmTC_d5544.dir/build
make[1]: Entering directory '/home/zhangxiangyu/project/all_in_one_git/build/CMakeFiles/CMakeTmp'
Building C object CMakeFiles/cmTC_d5544.dir/CheckFunctionExists.c.o
/usr/bin/cc   -DCHECK_FUNCTION_EXISTS=pthread_create   -o CMakeFiles/cmTC_d5544.dir/CheckFunctionExists.c.o   -c /usr/share/cmake-3.16/Modules/CheckFunctionExists.c
Linking C executable cmTC_d5544
/usr/bin/cmake -E cmake_link_script CMakeFiles/cmTC_d5544.dir/link.txt --verbose=1
/usr/bin/cc  -DCHECK_FUNCTION_EXISTS=pthread_create    CMakeFiles/cmTC_d5544.dir/CheckFunctionExists.c.o  -o cmTC_d5544  -lpthreads 
/usr/bin/ld: cannot find -lpthreads
collect2: error: ld returned 1 exit status
make[1]: *** [CMakeFiles/cmTC_d5544.dir/build.make:87: cmTC_d5544] Error 1
make[1]: Leaving directory '/home/zhangxiangyu/project/all_in_one_git/build/CMakeFiles/CMakeTmp'
make: *** [Makefile:121: cmTC_d5544/fast] Error 2



Determining if the Fortran sgemm exists failed with the following output:
Change Dir: /home/zhangxiangyu/project/all_in_one_git/build/CMakeFiles/CMakeTmp

Run Build Command(s):/usr/bin/make cmTC_053ad/fast && /usr/bin/make -f CMakeFiles/cmTC_053ad.dir/build.make CMakeFiles/cmTC_053ad.dir/build
make[1]: Entering directory '/home/zhangxiangyu/project/all_in_one_git/build/CMakeFiles/CMakeTmp'
Building Fortran object CMakeFiles/cmTC_053ad.dir/testFortranCompiler.f.o
/usr/bin/f95   -O3  -g -march=native -ffree-line-length-none -fbacktrace -cpp -DMPI    -c /home/zhangxiangyu/project/all_in_one_git/build/CMakeFiles/CMakeTmp/testFortranCompiler.f -o CMakeFiles/cmTC_053ad.dir/testFortranCompiler.f.o
Linking Fortran executable cmTC_053ad
/usr/bin/cmake -E cmake_link_script CMakeFiles/cmTC_053ad.dir/link.txt --verbose=1
/usr/bin/f95    -O3  -g -march=native -ffree-line-length-none -fbacktrace -cpp -DMPI  CMakeFiles/cmTC_053ad.dir/testFortranCompiler.f.o  -o cmTC_053ad 
/usr/bin/ld: CMakeFiles/cmTC_053ad.dir/testFortranCompiler.f.o: in function `main':
/home/zhangxiangyu/project/all_in_one_git/build/CMakeFiles/CMakeTmp/testFortranCompiler.f:4: undefined reference to `sgemm_'
collect2: error: ld returned 1 exit status
make[1]: *** [CMakeFiles/cmTC_053ad.dir/build.make:87: cmTC_053ad] Error 1
make[1]: Leaving directory '/home/zhangxiangyu/project/all_in_one_git/build/CMakeFiles/CMakeTmp'
make: *** [Makefile:121: cmTC_053ad/fast] Error 2



Performing C SOURCE FILE Test CMAKE_HAVE_LIBC_PTHREAD failed with the following output:
Change Dir: /home/zhangxiangyu/project/all_in_one_git/build/CMakeFiles/CMakeTmp

Run Build Command(s):/usr/bin/make cmTC_12ff1/fast && /usr/bin/make -f CMakeFiles/cmTC_12ff1.dir/build.make CMakeFiles/cmTC_12ff1.dir/build
make[1]: Entering directory '/home/zhangxiangyu/project/all_in_one_git/build/CMakeFiles/CMakeTmp'
Building C object CMakeFiles/cmTC_12ff1.dir/src.c.o
/usr/bin/cc   -DCMAKE_HAVE_LIBC_PTHREAD   -o CMakeFiles/cmTC_12ff1.dir/src.c.o   -c /home/zhangxiangyu/project/all_in_one_git/build/CMakeFiles/CMakeTmp/src.c
Linking C executable cmTC_12ff1
/usr/bin/cmake -E cmake_link_script CMakeFiles/cmTC_12ff1.dir/link.txt --verbose=1
/usr/bin/cc  -DCMAKE_HAVE_LIBC_PTHREAD    CMakeFiles/cmTC_12ff1.dir/src.c.o  -o cmTC_12ff1 
/usr/bin/ld: CMakeFiles/cmTC_12ff1.dir/src.c.o: in function `main':
src.c:(.text+0x46): undefined reference to `pthread_create'
/usr/bin/ld: src.c:(.text+0x52): undefined reference to `pthread_detach'
/usr/bin/ld: src.c:(.text+0x63): undefined reference to `pthread_join'
collect2: error: ld returned 1 exit status
make[1]: *** [CMakeFiles/cmTC_12ff1.dir/build.make:87: cmTC_12ff1] Error 1
make[1]: Leaving directory '/home/zhangxiangyu/project/all_in_one_git/build/CMakeFiles/CMakeTmp'
make: *** [Makefile:121: cmTC_12ff1/fast] Error 2


Source file was:
#include <pthread.h>

void* test_func(void* data)
{
  return data;
}

int main(void)
{
  pthread_t thread;
  pthread_create(&thread, NULL, test_func, NULL);
  pthread_detach(thread);
  pthread_join(thread, NULL);
  pthread_atfork(NULL, NULL, NULL);
  pthread_exit(NULL);

  return 0;
}

Determining if the function pthread_create exists in the pthreads failed with the following output:
Change Dir: /home/zhangxiangyu/project/all_in_one_git/build/CMakeFiles/CMakeTmp

Run Build Command(s):/usr/bin/make cmTC_f4300/fast && /usr/bin/make -f CMakeFiles/cmTC_f4300.dir/build.make CMakeFiles/cmTC_f4300.dir/build
make[1]: Entering directory '/home/zhangxiangyu/project/all_in_one_git/build/CMakeFiles/CMakeTmp'
Building C object CMakeFiles/cmTC_f4300.dir/CheckFunctionExists.c.o
/usr/bin/cc   -DCHECK_FUNCTION_EXISTS=pthread_create   -o CMakeFiles/cmTC_f4300.dir/CheckFunctionExists.c.o   -c /usr/share/cmake-3.16/Modules/CheckFunctionExists.c
Linking C executable cmTC_f4300
/usr/bin/cmake -E cmake_link_script CMakeFiles/cmTC_f4300.dir/link.txt --verbose=1
/usr/bin/cc  -DCHECK_FUNCTION_EXISTS=pthread_create    CMakeFiles/cmTC_f4300.dir/CheckFunctionExists.c.o  -o cmTC_f4300  -lpthreads 
/usr/bin/ld: cannot find -lpthreads
collect2: error: ld returned 1 exit status
make[1]: *** [CMakeFiles/cmTC_f4300.dir/build.make:87: cmTC_f4300] Error 1
make[1]: Leaving directory '/home/zhangxiangyu/project/all_in_one_git/build/CMakeFiles/CMakeTmp'
make: *** [Makefile:121: cmTC_f4300/fast] Error 2



